// Jest Snapshot v1, https://goo.gl/fbAQLP

exports[`should run on .sql files 1`] = `
Array [
  Object {
    "errorCount": 1,
    "filePath": "[snip]",
    "fixableErrorCount": 0,
    "fixableWarningCount": 0,
    "messages": Array [
      Object {
        "column": 8,
        "endColumn": 9,
        "endLine": 4,
        "line": 4,
        "message": "'A' is not defined.",
        "nodeType": "Identifier",
        "ruleId": "no-undef",
        "severity": 2,
        "source": "return A; // Undefined!",
      },
    ],
    "source": "create function my_test_function(foo text, bar text) returns text as $$
var a = \\"42\\";
return A; // Undefined!
$$ language plv8 stable;
",
    "warningCount": 0,
  },
]
`;
